// Jest Snapshot v1, https://goo.gl/fbAQLP

exports[`App snapshot <HomeScreen> Test mål, skritt gått, og om pedo er aktiv eller ei 1`] = `undefined`;

exports[`App snapshot renders the loading screen 1`] = `null`;

exports[`App snapshot rendrer knapp med gitt props avhengig av tittel 1`] = `null`;

exports[`App snapshot rendrer knapp med gitt props avhengig av tittel 2`] = `null`;
